// Jest Snapshot v1, https://goo.gl/fbAQLP

exports[`List has a valid snapshot 1`] = `
<div
  className="css-nen11g-MuiStack-root"
>
  <div
    className="MuiBox-root css-mjn72o"
    id="item_1"
    onMouseEnter={[Function]}
    onMouseLeave={[Function]}
  >
    <div
      className="css-m69qwo-MuiStack-root"
    >
      <p
        className="MuiTypography-root MuiTypography-body1 css-o6haml-MuiTypography-root"
      >
        Prop1
         :
      </p>
      <p
        className="MuiTypography-root MuiTypography-body1 css-199lc0q-MuiTypography-root"
        onDoubleClick={[Function]}
      >
        toto
      </p>
    </div>
  </div>
</div>
`;
